// Jest Snapshot v1, https://goo.gl/fbAQLP

exports[`BoxComponent should render correctly 1`] = `
<div>
  <div
    class="box"
  >
    <p>
      2
    </p>
  </div>
</div>
`;
